C:\Users\mcons\Projetos\Java\Spring - Api Cadastro Pessoas\api\api\src\main\java\pessoas\api\domain\pessoa\DadosDetalhamentoPessoaContato.java
C:\Users\mcons\Projetos\Java\Spring - Api Cadastro Pessoas\api\api\src\main\java\pessoas\api\controller\HelloController.java
C:\Users\mcons\Projetos\Java\Spring - Api Cadastro Pessoas\api\api\src\main\java\pessoas\api\domain\contato\DadosContato.java
C:\Users\mcons\Projetos\Java\Spring - Api Cadastro Pessoas\api\api\src\main\java\pessoas\api\domain\contato\Contato.java
C:\Users\mcons\Projetos\Java\Spring - Api Cadastro Pessoas\api\api\src\main\java\pessoas\api\domain\pessoa\DadosAtualizacaoPessoa.java
C:\Users\mcons\Projetos\Java\Spring - Api Cadastro Pessoas\api\api\src\main\java\pessoas\api\domain\contato\DadosAtualizacaoContato.java
C:\Users\mcons\Projetos\Java\Spring - Api Cadastro Pessoas\api\api\src\main\java\pessoas\api\infra\TratadorDeErros.java
C:\Users\mcons\Projetos\Java\Spring - Api Cadastro Pessoas\api\api\src\main\java\pessoas\api\domain\contato\DadosDetalhamentoContato.java
C:\Users\mcons\Projetos\Java\Spring - Api Cadastro Pessoas\api\api\src\main\java\pessoas\api\domain\pessoa\Pessoa.java
C:\Users\mcons\Projetos\Java\Spring - Api Cadastro Pessoas\api\api\src\main\java\pessoas\api\ApiApplication.java
C:\Users\mcons\Projetos\Java\Spring - Api Cadastro Pessoas\api\api\src\main\java\pessoas\api\domain\pessoa\DadosCadastroPessoa.java
C:\Users\mcons\Projetos\Java\Spring - Api Cadastro Pessoas\api\api\src\main\java\pessoas\api\controller\ContatoController.java
C:\Users\mcons\Projetos\Java\Spring - Api Cadastro Pessoas\api\api\src\main\java\pessoas\api\domain\pessoa\DadosDetalhamentoPessoa.java
C:\Users\mcons\Projetos\Java\Spring - Api Cadastro Pessoas\api\api\src\main\java\pessoas\api\controller\PessoaController.java
C:\Users\mcons\Projetos\Java\Spring - Api Cadastro Pessoas\api\api\src\main\java\pessoas\api\domain\contato\DadosListagemContato.java
C:\Users\mcons\Projetos\Java\Spring - Api Cadastro Pessoas\api\api\src\main\java\pessoas\api\domain\pessoa\PessoaRepository.java
C:\Users\mcons\Projetos\Java\Spring - Api Cadastro Pessoas\api\api\src\main\java\pessoas\api\domain\contato\ContatoRepository.java
C:\Users\mcons\Projetos\Java\Spring - Api Cadastro Pessoas\api\api\src\main\java\pessoas\api\domain\pessoa\DadosListagemPessoa.java
